// Bun Snapshot v1, https://goo.gl/fbAQLP

exports[`checklists 1`] = `
{
  "data": {
    "__typename": "Query",
    "checklists": {
      "__typename": "ChecklistConnection",
      "edges": [
        {
          "__typename": "ChecklistEdge",
          "node": {
            "__typename": "Checklist",
            "assignees": {
              "__typename": "AssigneeConnection",
              "edges": [
                {
                  "__typename": "AssigneeEdge",
                  "node": {
                    "__typename": "Assignee",
                    "assignedAt": {
                      "__typename": "Instant",
                      "epochMilliseconds": "1723708800000",
                      "toZonedDateTime": {
                        "__typename": "ZonedDateTime",
                        "toString": "2024-08-15T02:00:00-06:00[America/Denver]",
                      },
                    },
                    "assignedTo": {
                      "__typename": "Actor",
                      "user": {
                        "__typename": "User",
                        "displayName": "Mark Keller",
                      },
                    },
                  },
                },
              ],
              "pageInfo": {
                "__typename": "PageInfo",
                "hasNextPage": false,
                "hasPreviousPage": false,
              },
              "totalCount": 1,
            },
            "attachments": {
              "__typename": "AttachmentConnection",
              "edges": [],
              "pageInfo": {
                "__typename": "PageInfo",
                "hasNextPage": false,
                "hasPreviousPage": false,
              },
              "totalCount": 0,
            },
            "auditable": {
              "__typename": "Auditable",
              "enabled": true,
            },
            "description": {
              "__typename": "Description",
              "value": {
                "__typename": "DynamicString",
                "value": "A Day in the Life of Keller (abridged, volume 3.82)",
              },
            },
            "items": {
              "__typename": "ChecklistItemConnection",
              "edges": [
                {
                  "__typename": "ChecklistItemEdge",
                  "node": {
                    "__typename": "ChecklistResult",
                    "name": {
                      "__typename": "DisplayName",
                      "value": {
                        "__typename": "DynamicString",
                        "value": "Read people's standup notes",
                      },
                    },
                  },
                },
                {
                  "__typename": "ChecklistItemEdge",
                  "node": {
                    "__typename": "ChecklistResult",
                    "name": {
                      "__typename": "DisplayName",
                      "value": {
                        "__typename": "DynamicString",
                        "value": "Write some arcane SQL procedure code",
                      },
                    },
                  },
                },
                {
                  "__typename": "ChecklistItemEdge",
                  "node": {
                    "__typename": "ChecklistResult",
                    "name": {
                      "__typename": "DisplayName",
                      "value": {
                        "__typename": "DynamicString",
                        "value": "Note how many alarms are firing",
                      },
                    },
                  },
                },
                {
                  "__typename": "ChecklistItemEdge",
                  "node": {
                    "__typename": "ChecklistResult",
                    "name": {
                      "__typename": "DisplayName",
                      "value": {
                        "__typename": "DynamicString",
                        "value": "Fix the SQL code and ensure alarms recover",
                      },
                    },
                  },
                },
              ],
              "pageInfo": {
                "__typename": "PageInfo",
                "hasNextPage": false,
                "hasPreviousPage": false,
              },
              "totalCount": 4,
            },
            "name": {
              "__typename": "DisplayName",
              "value": {
                "__typename": "DynamicString",
                "value": "Keller's Personal Todos",
              },
            },
            "required": true,
            "schedule": {
              "__typename": "CronSchedule",
            },
            "sop": {
              "__typename": "Sop",
              "link": "https://www.youtube.com/watch?v=Vofkw9-O18c&list=PLi1CK-rsvz1Nfz83RMBp_9YaIgBWd0l9x",
            },
            "status": {
              "__typename": "ChecklistOpen",
              "openedAt": {
                "__typename": "Instant",
                "epochMilliseconds": "1723708800000",
                "toZonedDateTime": {
                  "__typename": "ZonedDateTime",
                  "toString": "2024-08-15T02:00:00-06:00[America/Denver]",
                },
              },
            },
          },
        },
        {
          "__typename": "ChecklistEdge",
          "node": {
            "__typename": "Checklist",
            "assignees": {
              "__typename": "AssigneeConnection",
              "edges": [
                {
                  "__typename": "AssigneeEdge",
                  "node": {
                    "__typename": "Assignee",
                    "assignedAt": {
                      "__typename": "Instant",
                      "epochMilliseconds": "1723708800000",
                      "toZonedDateTime": {
                        "__typename": "ZonedDateTime",
                        "toString": "2024-08-15T02:00:00-06:00[America/Denver]",
                      },
                    },
                    "assignedTo": {
                      "__typename": "Actor",
                      "user": {
                        "__typename": "User",
                        "displayName": "Will Twait",
                      },
                    },
                  },
                },
              ],
              "pageInfo": {
                "__typename": "PageInfo",
                "hasNextPage": false,
                "hasPreviousPage": false,
              },
              "totalCount": 1,
            },
            "attachments": {
              "__typename": "AttachmentConnection",
              "edges": [],
              "pageInfo": {
                "__typename": "PageInfo",
                "hasNextPage": false,
                "hasPreviousPage": false,
              },
              "totalCount": 0,
            },
            "auditable": {
              "__typename": "Auditable",
              "enabled": true,
            },
            "description": {
              "__typename": "Description",
              "value": {
                "__typename": "DynamicString",
                "value": "Do these things every day",
              },
            },
            "items": {
              "__typename": "ChecklistItemConnection",
              "edges": [
                {
                  "__typename": "ChecklistItemEdge",
                  "node": {
                    "__typename": "Checklist",
                    "name": {
                      "__typename": "DisplayName",
                      "value": {
                        "__typename": "DynamicString",
                        "value": "Alarm Monitoring",
                      },
                    },
                  },
                },
                {
                  "__typename": "ChecklistItemEdge",
                  "node": {
                    "__typename": "Checklist",
                    "name": {
                      "__typename": "DisplayName",
                      "value": {
                        "__typename": "DynamicString",
                        "value": "Pipeline health",
                      },
                    },
                  },
                },
                {
                  "__typename": "ChecklistItemEdge",
                  "node": {
                    "__typename": "Checklist",
                    "name": {
                      "__typename": "DisplayName",
                      "value": {
                        "__typename": "DynamicString",
                        "value": "Ticket queue monitoring",
                      },
                    },
                  },
                },
                {
                  "__typename": "ChecklistItemEdge",
                  "node": {
                    "__typename": "Checklist",
                    "name": {
                      "__typename": "DisplayName",
                      "value": {
                        "__typename": "DynamicString",
                        "value": "DB/DW monitoring",
                      },
                    },
                  },
                },
              ],
              "pageInfo": {
                "__typename": "PageInfo",
                "hasNextPage": false,
                "hasPreviousPage": false,
              },
              "totalCount": 4,
            },
            "name": {
              "__typename": "DisplayName",
              "value": {
                "__typename": "DynamicString",
                "value": "Daily Oncall Checks",
              },
            },
            "required": true,
            "schedule": {
              "__typename": "CronSchedule",
            },
            "sop": {
              "__typename": "Sop",
              "link": "https://www.notion.so/tendrel/Oncall-Responsibilities-c57c310cf24a48078bf76b8f7213330c#f0d81e702e7c4f26804ea491a5ccb2f7",
            },
            "status": {
              "__typename": "ChecklistInProgress",
            },
          },
        },
        {
          "__typename": "ChecklistEdge",
          "node": {
            "__typename": "Checklist",
            "assignees": {
              "__typename": "AssigneeConnection",
              "edges": [
                {
                  "__typename": "AssigneeEdge",
                  "node": {
                    "__typename": "Assignee",
                    "assignedAt": {
                      "__typename": "Instant",
                      "epochMilliseconds": "1723708800000",
                      "toZonedDateTime": {
                        "__typename": "ZonedDateTime",
                        "toString": "2024-08-15T02:00:00-06:00[America/Denver]",
                      },
                    },
                    "assignedTo": {
                      "__typename": "Actor",
                      "user": {
                        "__typename": "User",
                        "displayName": "Federico Rozenberg",
                      },
                    },
                  },
                },
              ],
              "pageInfo": {
                "__typename": "PageInfo",
                "hasNextPage": false,
                "hasPreviousPage": false,
              },
              "totalCount": 1,
            },
            "attachments": {
              "__typename": "AttachmentConnection",
              "edges": [],
              "pageInfo": {
                "__typename": "PageInfo",
                "hasNextPage": false,
                "hasPreviousPage": false,
              },
              "totalCount": 0,
            },
            "auditable": {
              "__typename": "Auditable",
              "enabled": true,
            },
            "description": {
              "__typename": "Description",
              "value": {
                "__typename": "DynamicString",
                "value": "Make sure the greenhouse is in shape",
              },
            },
            "items": {
              "__typename": "ChecklistItemConnection",
              "edges": [
                {
                  "__typename": "ChecklistItemEdge",
                  "node": {
                    "__typename": "ChecklistResult",
                    "name": {
                      "__typename": "DisplayName",
                      "value": {
                        "__typename": "DynamicString",
                        "value": "Doors locked properly?",
                      },
                    },
                  },
                },
                {
                  "__typename": "ChecklistItemEdge",
                  "node": {
                    "__typename": "ChecklistResult",
                    "name": {
                      "__typename": "DisplayName",
                      "value": {
                        "__typename": "DynamicString",
                        "value": "Count of broken panels",
                      },
                    },
                  },
                },
              ],
              "pageInfo": {
                "__typename": "PageInfo",
                "hasNextPage": false,
                "hasPreviousPage": false,
              },
              "totalCount": 2,
            },
            "name": {
              "__typename": "DisplayName",
              "value": {
                "__typename": "DynamicString",
                "value": "Greenhouse Check",
              },
            },
            "required": true,
            "schedule": {
              "__typename": "CronSchedule",
            },
            "sop": {
              "__typename": "Sop",
              "link": "https://big-green.uk/sop/greenhouse-check",
            },
            "status": {
              "__typename": "ChecklistClosed",
            },
          },
        },
      ],
      "pageInfo": {
        "__typename": "PageInfo",
        "hasNextPage": false,
        "hasPreviousPage": false,
      },
      "totalCount": 3,
    },
  },
}
`;
