// Bun Snapshot v1, https://goo.gl/fbAQLP

exports[`Organization checklists 1`] = `
{
  "data": {
    "node": {
      "__typename": "Organization",
      "checklists": {
        "__typename": "ChecklistConnection",
        "edges": [
          {
            "__typename": "ChecklistEdge",
            "node": {
              "__typename": "Checklist",
              "assignees": {
                "__typename": "AssigneeConnection",
                "edges": [],
                "totalCount": 0,
              },
              "name": {
                "__typename": "DisplayName",
                "name": {
                  "__typename": "DynamicString",
                  "value": "Checklist",
                },
              },
              "status": {
                "__typename": "ChecklistOpen",
                "openedAt": {
                  "__typename": "ZonedDateTime",
                  "epochMilliseconds": "1726886602008.000000",
                },
              },
            },
          },
        ],
        "totalCount": 1,
      },
    },
  },
}
`;
