// Bun Snapshot v1, https://goo.gl/fbAQLP

exports[`extended runtime demo it should show up in the app 1`] = `
{
  "__typename": "TrackableEdge",
  "node": {
    "__typename": "Location",
    "name": {
      "__typename": "Name",
      "value": "Super Fast Assembly Line",
    },
    "tracking": {
      "edges": [
        {
          "node": {
            "__typename": "Task",
            "fsm": {
              "active": {
                "assignees": {
                  "edges": [
                    {
                      "node": {
                        "assignedTo": null,
                      },
                    },
                  ],
                },
                "description": null,
                "fields": {
                  "edges": [
                    {
                      "node": {
                        "description": null,
                        "name": {
                          "value": "Override Start Time",
                        },
                        "value": {
                          "__typename": "TimestampValue",
                          "timestamp": null,
                        },
                        "valueType": "timestamp",
                      },
                    },
                    {
                      "node": {
                        "description": null,
                        "name": {
                          "value": "Override End Time",
                        },
                        "value": {
                          "__typename": "TimestampValue",
                          "timestamp": null,
                        },
                        "valueType": "timestamp",
                      },
                    },
                    {
                      "node": {
                        "description": null,
                        "name": {
                          "value": "Run Output",
                        },
                        "value": {
                          "__typename": "NumberValue",
                        },
                        "valueType": "number",
                      },
                    },
                    {
                      "node": {
                        "description": null,
                        "name": {
                          "value": "Reject Count",
                        },
                        "value": {
                          "__typename": "NumberValue",
                        },
                        "valueType": "number",
                      },
                    },
                    {
                      "node": {
                        "description": null,
                        "name": {
                          "value": "Comments",
                        },
                        "value": {
                          "__typename": "StringValue",
                          "string": null,
                        },
                        "valueType": "string",
                      },
                    },
                  ],
                },
                "name": {
                  "value": "Run",
                },
                "parent": {
                  "name": {
                    "value": "Super Fast Assembly Line",
                  },
                },
                "state": {
                  "__typename": "Open",
                  "openedBy": null,
                },
              },
              "transitions": {
                "edges": [],
              },
            },
            "name": {
              "value": "Run",
            },
            "parent": {
              "name": {
                "value": "Super Fast Assembly Line",
              },
            },
            "root": {
              "name": {
                "value": "Run",
              },
              "parent": {
                "name": {
                  "value": "Super Fast Assembly Line",
                },
              },
            },
            "state": {
              "__typename": "Open",
            },
          },
        },
      ],
    },
  },
}
`;
