// Bun Snapshot v1, https://goo.gl/fbAQLP

exports[`MFT entrypoint query 1`] = `
{
  "trackables": {
    "__typename": "TrackableConnection",
    "edges": [
      {
        "__typename": "TrackableEdge",
        "node": {
          "__typename": "Location",
          "name": {
            "__typename": "Name",
            "value": "Mixing Line",
          },
          "timeZone": "GMT",
          "tracking": {
            "edges": [
              {
                "node": {
                  "displayName": {
                    "name": {
                      "value": "Run",
                    },
                  },
                  "fsm": {
                    "active": null,
                    "transitions": {
                      "edges": [
                        {
                          "node": {
                            "displayName": {
                              "name": {
                                "value": "Run",
                              },
                            },
                            "fields": {
                              "edges": [
                                {
                                  "node": {
                                    "name": {
                                      "name": {
                                        "value": "Override Start Time",
                                      },
                                    },
                                    "value": {
                                      "__typename": "TimestampValue",
                                    },
                                  },
                                },
                                {
                                  "node": {
                                    "name": {
                                      "name": {
                                        "value": "Override End Time",
                                      },
                                    },
                                    "value": {
                                      "__typename": "TimestampValue",
                                    },
                                  },
                                },
                                {
                                  "node": {
                                    "name": {
                                      "name": {
                                        "value": "Comments",
                                      },
                                    },
                                    "value": {
                                      "__typename": "StringValue",
                                    },
                                  },
                                },
                              ],
                            },
                          },
                        },
                      ],
                    },
                  },
                },
              },
            ],
          },
        },
      },
      {
        "__typename": "TrackableEdge",
        "node": {
          "__typename": "Location",
          "name": {
            "__typename": "Name",
            "value": "Fill Line",
          },
          "timeZone": "GMT",
          "tracking": {
            "edges": [
              {
                "node": {
                  "displayName": {
                    "name": {
                      "value": "Run",
                    },
                  },
                  "fsm": {
                    "active": null,
                    "transitions": {
                      "edges": [
                        {
                          "node": {
                            "displayName": {
                              "name": {
                                "value": "Run",
                              },
                            },
                            "fields": {
                              "edges": [
                                {
                                  "node": {
                                    "name": {
                                      "name": {
                                        "value": "Override Start Time",
                                      },
                                    },
                                    "value": {
                                      "__typename": "TimestampValue",
                                    },
                                  },
                                },
                                {
                                  "node": {
                                    "name": {
                                      "name": {
                                        "value": "Override End Time",
                                      },
                                    },
                                    "value": {
                                      "__typename": "TimestampValue",
                                    },
                                  },
                                },
                                {
                                  "node": {
                                    "name": {
                                      "name": {
                                        "value": "Comments",
                                      },
                                    },
                                    "value": {
                                      "__typename": "StringValue",
                                    },
                                  },
                                },
                              ],
                            },
                          },
                        },
                      ],
                    },
                  },
                },
              },
            ],
          },
        },
      },
      {
        "__typename": "TrackableEdge",
        "node": {
          "__typename": "Location",
          "name": {
            "__typename": "Name",
            "value": "Assembly Line",
          },
          "timeZone": "GMT",
          "tracking": {
            "edges": [
              {
                "node": {
                  "displayName": {
                    "name": {
                      "value": "Run",
                    },
                  },
                  "fsm": {
                    "active": null,
                    "transitions": {
                      "edges": [
                        {
                          "node": {
                            "displayName": {
                              "name": {
                                "value": "Run",
                              },
                            },
                            "fields": {
                              "edges": [
                                {
                                  "node": {
                                    "name": {
                                      "name": {
                                        "value": "Override Start Time",
                                      },
                                    },
                                    "value": {
                                      "__typename": "TimestampValue",
                                    },
                                  },
                                },
                                {
                                  "node": {
                                    "name": {
                                      "name": {
                                        "value": "Override End Time",
                                      },
                                    },
                                    "value": {
                                      "__typename": "TimestampValue",
                                    },
                                  },
                                },
                                {
                                  "node": {
                                    "name": {
                                      "name": {
                                        "value": "Comments",
                                      },
                                    },
                                    "value": {
                                      "__typename": "StringValue",
                                    },
                                  },
                                },
                              ],
                            },
                          },
                        },
                      ],
                    },
                  },
                },
              },
            ],
          },
        },
      },
      {
        "__typename": "TrackableEdge",
        "node": {
          "__typename": "Location",
          "name": {
            "__typename": "Name",
            "value": "Cartoning Line",
          },
          "timeZone": "GMT",
          "tracking": {
            "edges": [
              {
                "node": {
                  "displayName": {
                    "name": {
                      "value": "Run",
                    },
                  },
                  "fsm": {
                    "active": null,
                    "transitions": {
                      "edges": [
                        {
                          "node": {
                            "displayName": {
                              "name": {
                                "value": "Run",
                              },
                            },
                            "fields": {
                              "edges": [
                                {
                                  "node": {
                                    "name": {
                                      "name": {
                                        "value": "Override Start Time",
                                      },
                                    },
                                    "value": {
                                      "__typename": "TimestampValue",
                                    },
                                  },
                                },
                                {
                                  "node": {
                                    "name": {
                                      "name": {
                                        "value": "Override End Time",
                                      },
                                    },
                                    "value": {
                                      "__typename": "TimestampValue",
                                    },
                                  },
                                },
                                {
                                  "node": {
                                    "name": {
                                      "name": {
                                        "value": "Comments",
                                      },
                                    },
                                    "value": {
                                      "__typename": "StringValue",
                                    },
                                  },
                                },
                              ],
                            },
                          },
                        },
                      ],
                    },
                  },
                },
              },
            ],
          },
        },
      },
      {
        "__typename": "TrackableEdge",
        "node": {
          "__typename": "Location",
          "name": {
            "__typename": "Name",
            "value": "Packaging Line",
          },
          "timeZone": "GMT",
          "tracking": {
            "edges": [
              {
                "node": {
                  "displayName": {
                    "name": {
                      "value": "Run",
                    },
                  },
                  "fsm": {
                    "active": null,
                    "transitions": {
                      "edges": [
                        {
                          "node": {
                            "displayName": {
                              "name": {
                                "value": "Run",
                              },
                            },
                            "fields": {
                              "edges": [
                                {
                                  "node": {
                                    "name": {
                                      "name": {
                                        "value": "Override Start Time",
                                      },
                                    },
                                    "value": {
                                      "__typename": "TimestampValue",
                                    },
                                  },
                                },
                                {
                                  "node": {
                                    "name": {
                                      "name": {
                                        "value": "Override End Time",
                                      },
                                    },
                                    "value": {
                                      "__typename": "TimestampValue",
                                    },
                                  },
                                },
                                {
                                  "node": {
                                    "name": {
                                      "name": {
                                        "value": "Comments",
                                      },
                                    },
                                    "value": {
                                      "__typename": "StringValue",
                                    },
                                  },
                                },
                              ],
                            },
                          },
                        },
                      ],
                    },
                  },
                },
              },
            ],
          },
        },
      },
    ],
    "totalCount": 5,
  },
}
`;
